
> mva-unified-agent-ui@0.1.0 test
> node --test src/lib/*.test.js

✔ asset inventory maps common customer headers and scope flags (2.167084ms)
✔ CSV asset import removes repeated asset identities (66.719709ms)
✔ inventory import applies a selected default asset type while preserving row categories (40.410875ms)
✔ inventory import preserves the responsible team for ownership mapping (0.592416ms)
✔ simple onboarding template maps tool, type, IP, host, team, and OS (23.205833ms)
✔ selected onboarding tool and OS fill minimal IP and host rows (54.390125ms)
✔ tool names normalize to stable inventory identifiers (0.531917ms)
✔ pasted IP inventory maps a two-column row to the responsible owner (1.421125ms)
✔ pasted three-column inventory preserves the asset name and owner (10.786666ms)
✔ pasted four-column inventory preserves OS and selected tool (1.027625ms)
✔ pasted inventory accepts a labeled owner column (15.528458ms)
✔ customer insights calculate report dates without overflowing on 80,000 findings (1413.175166ms)
✔ monthly persistence retains every uploaded period (12.18625ms)
✔ ingestion key is stable and changes with finding identity (31.521084ms)
✔ scan history is fetched from the selected customer boundary (6.726583ms)
✔ monthly executive report model reconciles the selected period and required dashboard measures (780.337584ms)
✔ ad hoc executive report remains valid without invented historical movement (50.851167ms)
✔ host discovery parser reads common identities, removes duplicate rows, and excludes offline hosts (46.541083ms)
✔ two-column IP and DNS discovery produces exact input and matching statistics (100.633459ms)
✔ three-layer coverage separates inventory, discovery, and vulnerability-result gaps (219.535875ms)
✔ one-month coverage uses only in-scope inventory and separates unmanaged and out-of-scope hosts (1.891958ms)
✔ five-month analysis calculates coverage movement and exact per-asset history (3.885833ms)
✔ duplicate months and more than five files are rejected (0.905917ms)
✔ ambiguous identities are not counted as scanned (0.932ms)
✔ coverage and exception exports retain monthly evidence and neutralize formulas (4.493792ms)
✔ month is inferred from named and ISO-style discovery filenames (5.448958ms)
✔ platform writes send cookie credentials and CSRF without legacy tenant headers (1.764583ms)
✔ platform API surfaces server validation messages (0.609792ms)
✔ finding CSV download sends the selected owner and asset filters (55.264334ms)
✔ bulk asset deletion sends selected IDs with CSRF protection (4.056167ms)
✔ scan asset coverage reads the authenticated tenant endpoint (0.587083ms)
✔ local LLM requests are routed through the authenticated MVA API with CSRF (3.725875ms)
✔ threat-intelligence import accumulates every chunk and finalizes once (322.166041ms)
✔ every scanner produces a populated source-neutral Adhoc workbook (28430.654583ms)
✔ Qualys Adhoc workbook explains dates absent from the source export (4832.536416ms)
✔ OpenShift workbook preserves every supplied workload and fix field (4762.629ms)
✔ CrowdStrike monthly workbook keeps threat-intelligence additions browser-only (6879.983666ms)
✔ Unified workbook preserves scanner provenance and consolidation audit (6994.564625ms)
✔ Unified monthly Excel and PDF contain combined analysis plus remediations (9573.4065ms)
✔ local threat intelligence aggregates matching normalized findings (100.668708ms)
✔ threat intelligence prompt requires evidence and structured output (0.412166ms)
✔ AI threat intelligence JSON is normalized safely (1.55625ms)
✔ structured NVIDIA patch and reference objects remain readable (1.271083ms)
✔ separate monthly drops accumulate instead of overwriting (4.299958ms)
✔ a same-name file replaces its earlier version without duplicating it (0.1565ms)
✔ a selected monthly file can be removed independently (0.109708ms)
✔ modern CSV and Excel uploads are accepted while legacy XLS is rejected (0.175458ms)
✔ priority matrix exactly matches approved behavior (1.652791ms)
✔ exploit availability handles CrowdStrike labels and numeric counts (0.344417ms)
✔ Qualys uses evidence presence, lifecycle, datacentre, and detection history (24.371084ms)
✔ Custom Qualys applies the approved customer severity scale (19.334583ms)
✔ CrowdStrike explicit exploit labels take precedence and confidence is preserved (4.57675ms)
✔ OpenShift maps the supplied workload schema without treating fixability as exploitability (23.761584ms)
✔ four-month OpenShift comparison reconciles lifecycle movement and every required dashboard (36.653708ms)
✔ Custom scanner mapping auto-suggests headers and normalizes arbitrary exports (2.365667ms)
✔ CrowdStrike detailed CSV parses and filters closed rows (16.797584ms)
✔ CrowdStrike remediation-per-assets uses weighted counts (19.083042ms)
✔ four-month CrowdStrike dashboard produces all five required views (83.626167ms)
✔ source detection remains correct for SC, IO, Qualys, and OpenShift (32.941666ms)
✔ SC and IO preserve EPSS threat evidence without changing the approved priority matrix (12.437125ms)
✔ Unified Adhoc consolidates repeated asset-vulnerability-service observations (54.951083ms)
✔ bundled unified samples contain shared and scanner-specific findings (63.428542ms)
✔ bundled unified monthly samples preserve exact lifecycle reconciliation (146.912208ms)
✔ Unified monthly groups 16 source files into four historical snapshots (90.350625ms)
✔ Unified analysis requires explicit scanners and complete period coverage (17.89875ms)
✔ Unified matching collapses repeated vulnerabilities and promotes exploit availability (0.491708ms)
✔ Unified matching keeps the same vulnerability separate on different services (0.1005ms)
✔ Unified matching never deduplicates an asset that has different vulnerabilities (0.199083ms)
✔ Unified mode rejects same-period-only history and aggregated CrowdStrike totals (16.472166ms)
✔ single-export quarterly scan works for every implemented source and preserves required report fields (25.303125ms)
✔ XLSX uploads locate a scanner header after a cover sheet and normalize normally (300.217333ms)
✔ legacy XLS uploads receive an actionable conversion message (0.143125ms)
✔ SC, IO, and Qualys monthly dashboards retain approved totals (59.690959ms)
✔ month filename extraction is deterministic (0.345084ms)
✔ quarter filename extraction and four-quarter dashboard are deterministic (29.308542ms)
✔ monthly analysis rejects aggregated CrowdStrike remediation exports (20.120208ms)
✔ detectSource reports unsupported headers (0.172458ms)
✔ remediation output groups repeated CrowdStrike CVEs (7.439209ms)
ℹ tests 78
ℹ suites 0
ℹ pass 78
ℹ fail 0
ℹ cancelled 0
ℹ skipped 0
ℹ todo 0
ℹ duration_ms 62352.603166
